2025-12-15 18:53:22,339 [INFO] --- 脚本开始运行 ---
2025-12-15 18:53:22,339 [INFO] 配置：时间限制设置为 10 秒 (0.00 小时)。
2025-12-15 18:53:22,339 [INFO] 找到 1 个可执行文件 (AILSII_continue.jar)。
2025-12-15 18:53:22,339 [INFO] 在 100 个实例中，选择了从索引 0 到 9 (共 10 个文件) 运行。
2025-12-15 18:53:22,339 [INFO] 总共需要运行 10 个任务组合。
2025-12-15 18:53:22,344 [INFO] 使用 16 个CPU核心开始并行执行...
2025-12-15 18:53:22,353 [INFO] [AILSII_continue.jar | XLTEST-n10001-k806.vrp] 开始运行 (10秒限制)。命令: java -jar -Xms2000m -Xmx4000m bin/AILSII_continue.jar -file /home/chenxin/CVRPLIB-2025/XLTEST/XLTEST-n10001-k806.vrp -stoppingCriterion Time -limit 10 -output remote_results/AILSII_continue.jar -resume /home/chenxin/CVRPLIB-2025/remote_results/AILSII_origin/XLTEST-n10001-k806.sol
2025-12-15 18:53:22,354 [INFO] [AILSII_continue.jar | XLTEST-n1094-k9.vrp] 开始运行 (10秒限制)。命令: java -jar -Xms2000m -Xmx4000m bin/AILSII_continue.jar -file /home/chenxin/CVRPLIB-2025/XLTEST/XLTEST-n1094-k9.vrp -stoppingCriterion Time -limit 10 -output remote_results/AILSII_continue.jar -resume /home/chenxin/CVRPLIB-2025/remote_results/AILSII_origin/XLTEST-n1094-k9.sol
2025-12-15 18:53:22,354 [INFO] [AILSII_continue.jar | XLTEST-n1141-k75.vrp] 开始运行 (10秒限制)。命令: java -jar -Xms2000m -Xmx4000m bin/AILSII_continue.jar -file /home/chenxin/CVRPLIB-2025/XLTEST/XLTEST-n1141-k75.vrp -stoppingCriterion Time -limit 10 -output remote_results/AILSII_continue.jar -resume /home/chenxin/CVRPLIB-2025/remote_results/AILSII_origin/XLTEST-n1141-k75.sol
2025-12-15 18:53:22,354 [INFO] [AILSII_continue.jar | XLTEST-n1188-k72.vrp] 开始运行 (10秒限制)。命令: java -jar -Xms2000m -Xmx4000m bin/AILSII_continue.jar -file /home/chenxin/CVRPLIB-2025/XLTEST/XLTEST-n1188-k72.vrp -stoppingCriterion Time -limit 10 -output remote_results/AILSII_continue.jar -resume /home/chenxin/CVRPLIB-2025/remote_results/AILSII_origin/XLTEST-n1188-k72.sol
2025-12-15 18:53:22,354 [INFO] [AILSII_continue.jar | XLTEST-n1048-k139.vrp] 开始运行 (10秒限制)。命令: java -jar -Xms2000m -Xmx4000m bin/AILSII_continue.jar -file /home/chenxin/CVRPLIB-2025/XLTEST/XLTEST-n1048-k139.vrp -stoppingCriterion Time -limit 10 -output remote_results/AILSII_continue.jar -resume /home/chenxin/CVRPLIB-2025/remote_results/AILSII_origin/XLTEST-n1048-k139.sol
2025-12-15 18:53:22,354 [INFO] [AILSII_continue.jar | XLTEST-n1234-k252.vrp] 开始运行 (10秒限制)。命令: java -jar -Xms2000m -Xmx4000m bin/AILSII_continue.jar -file /home/chenxin/CVRPLIB-2025/XLTEST/XLTEST-n1234-k252.vrp -stoppingCriterion Time -limit 10 -output remote_results/AILSII_continue.jar -resume /home/chenxin/CVRPLIB-2025/remote_results/AILSII_origin/XLTEST-n1234-k252.sol
2025-12-15 18:53:22,355 [INFO] [AILSII_continue.jar | XLTEST-n1281-k42.vrp] 开始运行 (10秒限制)。命令: java -jar -Xms2000m -Xmx4000m bin/AILSII_continue.jar -file /home/chenxin/CVRPLIB-2025/XLTEST/XLTEST-n1281-k42.vrp -stoppingCriterion Time -limit 10 -output remote_results/AILSII_continue.jar -resume /home/chenxin/CVRPLIB-2025/remote_results/AILSII_origin/XLTEST-n1281-k42.sol
2025-12-15 18:53:22,355 [INFO] [AILSII_continue.jar | XLTEST-n1374-k71.vrp] 开始运行 (10秒限制)。命令: java -jar -Xms2000m -Xmx4000m bin/AILSII_continue.jar -file /home/chenxin/CVRPLIB-2025/XLTEST/XLTEST-n1374-k71.vrp -stoppingCriterion Time -limit 10 -output remote_results/AILSII_continue.jar -resume /home/chenxin/CVRPLIB-2025/remote_results/AILSII_origin/XLTEST-n1374-k71.sol
2025-12-15 18:53:22,355 [INFO] [AILSII_continue.jar | XLTEST-n1328-k115.vrp] 开始运行 (10秒限制)。命令: java -jar -Xms2000m -Xmx4000m bin/AILSII_continue.jar -file /home/chenxin/CVRPLIB-2025/XLTEST/XLTEST-n1328-k115.vrp -stoppingCriterion Time -limit 10 -output remote_results/AILSII_continue.jar -resume /home/chenxin/CVRPLIB-2025/remote_results/AILSII_origin/XLTEST-n1328-k115.sol
2025-12-15 18:53:22,355 [INFO] [AILSII_continue.jar | XLTEST-n1421-k12.vrp] 开始运行 (10秒限制)。命令: java -jar -Xms2000m -Xmx4000m bin/AILSII_continue.jar -file /home/chenxin/CVRPLIB-2025/XLTEST/XLTEST-n1421-k12.vrp -stoppingCriterion Time -limit 10 -output remote_results/AILSII_continue.jar -resume /home/chenxin/CVRPLIB-2025/remote_results/AILSII_origin/XLTEST-n1421-k12.sol
2025-12-15 18:53:34,697 [INFO] [AILSII_continue.jar | XLTEST-n1141-k75.vrp] 运行成功。STDOUT(snippet): Start Search: XLTEST-n1141-k75 save results to: remote_results/AILSII_continue.jar --- Starting loadSolutionCVRPLib --- Reading file: /home/chenxin/CVRPLIB-2025/remote_results/AILSII_origin/XLTEST-n11...
2025-12-15 18:53:34,701 [INFO] [AILSII_continue.jar | XLTEST-n1094-k9.vrp] 运行成功。STDOUT(snippet): Start Search: XLTEST-n1094-k9 save results to: remote_results/AILSII_continue.jar --- Starting loadSolutionCVRPLib --- Reading file: /home/chenxin/CVRPLIB-2025/remote_results/AILSII_origin/XLTEST-n109...
2025-12-15 18:53:34,760 [INFO] [AILSII_continue.jar | XLTEST-n1048-k139.vrp] 运行成功。STDOUT(snippet): Start Search: XLTEST-n1048-k139 save results to: remote_results/AILSII_continue.jar --- Starting loadSolutionCVRPLib --- Reading file: /home/chenxin/CVRPLIB-2025/remote_results/AILSII_origin/XLTEST-n1...
2025-12-15 18:53:34,812 [INFO] [AILSII_continue.jar | XLTEST-n1281-k42.vrp] 运行成功。STDOUT(snippet): Start Search: XLTEST-n1281-k42 save results to: remote_results/AILSII_continue.jar --- Starting loadSolutionCVRPLib --- Reading file: /home/chenxin/CVRPLIB-2025/remote_results/AILSII_origin/XLTEST-n12...
2025-12-15 18:53:34,840 [INFO] [AILSII_continue.jar | XLTEST-n1188-k72.vrp] 运行成功。STDOUT(snippet): Start Search: XLTEST-n1188-k72 save results to: remote_results/AILSII_continue.jar --- Starting loadSolutionCVRPLib --- Reading file: /home/chenxin/CVRPLIB-2025/remote_results/AILSII_origin/XLTEST-n11...
2025-12-15 18:53:34,844 [INFO] [AILSII_continue.jar | XLTEST-n1234-k252.vrp] 运行成功。STDOUT(snippet): Start Search: XLTEST-n1234-k252 save results to: remote_results/AILSII_continue.jar --- Starting loadSolutionCVRPLib --- Reading file: /home/chenxin/CVRPLIB-2025/remote_results/AILSII_origin/XLTEST-n1...
2025-12-15 18:53:34,856 [INFO] [AILSII_continue.jar | XLTEST-n1374-k71.vrp] 运行成功。STDOUT(snippet): Start Search: XLTEST-n1374-k71 save results to: remote_results/AILSII_continue.jar --- Starting loadSolutionCVRPLib --- Reading file: /home/chenxin/CVRPLIB-2025/remote_results/AILSII_origin/XLTEST-n13...
2025-12-15 18:53:34,874 [INFO] [AILSII_continue.jar | XLTEST-n1328-k115.vrp] 运行成功。STDOUT(snippet): Start Search: XLTEST-n1328-k115 save results to: remote_results/AILSII_continue.jar --- Starting loadSolutionCVRPLib --- Reading file: /home/chenxin/CVRPLIB-2025/remote_results/AILSII_origin/XLTEST-n1...
2025-12-15 18:53:34,875 [INFO] [AILSII_continue.jar | XLTEST-n1421-k12.vrp] 运行成功。STDOUT(snippet): Start Search: XLTEST-n1421-k12 save results to: remote_results/AILSII_continue.jar --- Starting loadSolutionCVRPLib --- Reading file: /home/chenxin/CVRPLIB-2025/remote_results/AILSII_origin/XLTEST-n14...
2025-12-15 18:53:46,887 [INFO] [AILSII_continue.jar | XLTEST-n10001-k806.vrp] 运行成功。STDOUT(snippet): Start Search: XLTEST-n10001-k806 save results to: remote_results/AILSII_continue.jar --- Starting loadSolutionCVRPLib --- Reading file: /home/chenxin/CVRPLIB-2025/remote_results/AILSII_origin/XLTEST-n...
2025-12-15 18:53:46,890 [INFO] --- 所有任务已完成 ---
